2026-06-06 17:18:00,652  INFO  Logging to logs/training_20260606_171800.log
2026-06-06 17:18:03,285  INFO  Initializing external client
2026-06-06 17:18:03,285  INFO  Base URL: https://eu-west.cloud.hopsworks.ai:443
2026-06-06 17:18:04,884  INFO  Python Engine initialized.
2026-06-06 17:18:08,482  INFO  Loaded 91 rows with 30 features.
2026-06-06 17:18:08,484  INFO  Train rows: 72, test rows: 19
2026-06-06 17:18:08,484  INFO  Tuning ridge...
2026-06-06 17:18:13,224  INFO    ridge -> RMSE 36.28  MAE 23.93  R2 0.017  | best: {'model__alpha': 100.0}
2026-06-06 17:18:13,224  INFO  Tuning elasticnet...
2026-06-06 17:18:13,319  INFO    elasticnet -> RMSE 35.90  MAE 24.33  R2 0.040  | best: {'model__alpha': 5.0, 'model__l1_ratio': 0.8}
2026-06-06 17:18:13,319  INFO  Tuning random_forest...
2026-06-06 17:18:15,776  INFO    random_forest -> RMSE 34.75  MAE 24.45  R2 0.104  | best: {'max_depth': 4, 'min_samples_leaf': 2, 'n_estimators': 400}
2026-06-06 17:18:15,776  INFO  Tuning xgboost...
2026-06-06 17:18:19,469  INFO    xgboost -> RMSE 34.21  MAE 21.60  R2 0.130  | best: {'estimator__learning_rate': 0.1, 'estimator__max_depth': 3, 'estimator__n_estimators': 200}
2026-06-06 17:18:19,469  INFO  Best candidate: xgboost (RMSE 34.21, MAE 21.60, R2 0.130)
2026-06-06 17:18:19,472  INFO  Persistence baseline RMSE 43.12 (promotion ceiling 51.74).
2026-06-06 17:18:19,660  INFO  Refit xgboost on all 91 rows for deployment.
2026-06-06 17:18:27,410  INFO  Computed SHAP importances for the day+1 forecast.
2026-06-06 17:18:27,417  INFO  Wrote feature importances to models/feature_importance.csv
2026-06-06 17:18:27,426  INFO  Closing external client and cleaning up certificates.
2026-06-06 17:18:27,431  INFO  Connection closed.
2026-06-06 17:18:27,432  INFO  Initializing external client
2026-06-06 17:18:28,620  INFO  Python Engine initialized.
2026-06-06 17:18:40,073  INFO  Saved model locally to models/model.pkl
2026-06-06 17:18:40,073  INFO  Registered model 'aqi_forecaster' in Hopsworks.
2026-06-06 17:18:40,073  INFO  Done.
2026-06-06 17:18:41,332  INFO  Closing external client and cleaning up certificates.
2026-06-06 17:18:41,334  INFO  Connection closed.
